load_backend: loaded BLAS backend from /opt/homebrew/Cellar/ggml/0.9.8/libexec/libggml-blas.so
ggml_metal_device_init: tensor API disabled for pre-M5 and pre-A19 devices
ggml_metal_library_init: using embedded metal library
ggml_metal_library_init: loaded in 0.006 sec
ggml_metal_rsets_init: creating a residency set collection (keep_alive = 180 s)
ggml_metal_device_init: GPU name:   MTL0
ggml_metal_device_init: GPU family: MTLGPUFamilyApple9  (1009)
ggml_metal_device_init: GPU family: MTLGPUFamilyCommon3 (3003)
ggml_metal_device_init: GPU family: MTLGPUFamilyMetal4  (5002)
ggml_metal_device_init: simdgroup reduction   = true
ggml_metal_device_init: simdgroup matrix mul. = true
ggml_metal_device_init: has unified memory    = true
ggml_metal_device_init: has bfloat            = true
ggml_metal_device_init: has tensor            = false
ggml_metal_device_init: use residency sets    = true
ggml_metal_device_init: use shared buffers    = true
ggml_metal_device_init: recommendedMaxWorkingSetSize  = 30150.67 MB
load_backend: loaded MTL backend from /opt/homebrew/Cellar/ggml/0.9.8/libexec/libggml-metal.so
load_backend: loaded CPU backend from /opt/homebrew/Cellar/ggml/0.9.8/libexec/libggml-cpu-apple_m2_m3.so
build: 8500 (342d6125b) with AppleClang 17.0.0.17000604 for Darwin arm64
common_init_result: fitting params to device memory, for bugs during this step try to reproduce them with -fit off, or provide --verbose logs if the bug only occurs with -fit on
llama_params_fit_impl: projected to use 0 MiB of device memory vs. 28753 MiB of free device memory
llama_params_fit_impl: will leave 28753 >= 1024 MiB of free device memory, no changes needed
llama_params_fit: successfully fit params to free device memory
llama_params_fit: fitting params to free memory took 0.04 seconds
llama_model_load_from_file_impl: using device MTL0 (Apple M3 Pro) (unknown id) - 28753 MiB free
llama_model_loader: loaded meta data with 28 key-value pairs and 195 tensors from models/OLMoE-1B-7B-0125-Instruct-Q4_K_M.gguf (version GGUF V3 (latest))
llama_model_loader: Dumping metadata keys/values. Note: KV overrides do not apply in this output.
llama_model_loader: - kv   0:                       general.architecture str              = olmoe
llama_model_loader: - kv   1:                               general.type str              = model
llama_model_loader: - kv   2:                               general.name str              = Open_Instruct_Dev
llama_model_loader: - kv   3:                       general.organization str              = Allenai
llama_model_loader: - kv   4:                         general.size_label str              = 64x577M
llama_model_loader: - kv   5:                          olmoe.block_count u32              = 16
llama_model_loader: - kv   6:                       olmoe.context_length u32              = 4096
llama_model_loader: - kv   7:                     olmoe.embedding_length u32              = 2048
llama_model_loader: - kv   8:                  olmoe.feed_forward_length u32              = 1024
llama_model_loader: - kv   9:                 olmoe.attention.head_count u32              = 16
llama_model_loader: - kv  10:              olmoe.attention.head_count_kv u32              = 16
llama_model_loader: - kv  11:                       olmoe.rope.freq_base f32              = 10000.000000
llama_model_loader: - kv  12:     olmoe.attention.layer_norm_rms_epsilon f32              = 0.000010
llama_model_loader: - kv  13:                    olmoe.expert_used_count u32              = 8
llama_model_loader: - kv  14:                         olmoe.expert_count u32              = 64
llama_model_loader: - kv  15:                       tokenizer.ggml.model str              = gpt2
llama_model_loader: - kv  16:                         tokenizer.ggml.pre str              = olmo
llama_model_loader: - kv  17:                      tokenizer.ggml.tokens arr[str,50304]   = ["<|endoftext|>", "<|padding|>", "!",...
llama_model_loader: - kv  18:                  tokenizer.ggml.token_type arr[i32,50304]   = [3, 3, 1, 1, 1, 1, 1, 1, 1, 1, 1, 1, ...
llama_model_loader: - kv  19:                      tokenizer.ggml.merges arr[str,50009]   = ["Ġ Ġ", "Ġ t", "Ġ a", "h e", "i n...
llama_model_loader: - kv  20:                tokenizer.ggml.bos_token_id u32              = 50279
llama_model_loader: - kv  21:                tokenizer.ggml.eos_token_id u32              = 50279
llama_model_loader: - kv  22:            tokenizer.ggml.padding_token_id u32              = 50280
llama_model_loader: - kv  23:               tokenizer.ggml.add_bos_token bool             = false
llama_model_loader: - kv  24:               tokenizer.ggml.add_eos_token bool             = false
llama_model_loader: - kv  25:                    tokenizer.chat_template str              = {{ bos_token }}{% for message in mess...
llama_model_loader: - kv  26:               general.quantization_version u32              = 2
llama_model_loader: - kv  27:                          general.file_type u32              = 15
llama_model_loader: - type  f32:   81 tensors
llama_model_loader: - type q4_K:   97 tensors
llama_model_loader: - type q6_K:   17 tensors
print_info: file format = GGUF V3 (latest)
print_info: file type   = Q4_K - Medium
print_info: file size   = 3.92 GiB (4.87 BPW) 
validate_override: Using metadata override (  int) 'olmoe.expert_used_count' = 3
load: 0 unused tokens
load: special_eos_id is not in special_eog_ids - the tokenizer config may be incorrect
load: printing all EOG tokens:
load:   - 0 ('<|endoftext|>')
load:   - 50279 ('|||IP_ADDRESS|||')
load: special tokens cache size = 29
load: token to piece cache size = 0.2985 MB
print_info: arch                  = olmoe
print_info: vocab_only            = 0
print_info: no_alloc              = 0
print_info: n_ctx_train           = 4096
print_info: n_embd                = 2048
print_info: n_embd_inp            = 2048
print_info: n_layer               = 16
print_info: n_head                = 16
print_info: n_head_kv             = 16
print_info: n_rot                 = 128
print_info: n_swa                 = 0
print_info: is_swa_any            = 0
print_info: n_embd_head_k         = 128
print_info: n_embd_head_v         = 128
print_info: n_gqa                 = 1
print_info: n_embd_k_gqa          = 2048
print_info: n_embd_v_gqa          = 2048
print_info: f_norm_eps            = 0.0e+00
print_info: f_norm_rms_eps        = 1.0e-05
print_info: f_clamp_kqv           = 0.0e+00
print_info: f_max_alibi_bias      = 0.0e+00
print_info: f_logit_scale         = 0.0e+00
print_info: f_attn_scale          = 0.0e+00
print_info: n_ff                  = 1024
print_info: n_expert              = 64
print_info: n_expert_used         = 3
print_info: n_expert_groups       = 0
print_info: n_group_used          = 0
print_info: causal attn           = 1
print_info: pooling type          = 0
print_info: rope type             = 2
print_info: rope scaling          = linear
print_info: freq_base_train       = 10000.0
print_info: freq_scale_train      = 1
print_info: n_ctx_orig_yarn       = 4096
print_info: rope_yarn_log_mul     = 0.0000
print_info: rope_finetuned        = unknown
print_info: model type            = A1.7B
print_info: model params          = 6.92 B
print_info: general.name          = Open_Instruct_Dev
print_info: vocab type            = BPE
print_info: n_vocab               = 50304
print_info: n_merges              = 50009
print_info: BOS token             = 50279 '|||IP_ADDRESS|||'
print_info: EOS token             = 50279 '|||IP_ADDRESS|||'
print_info: EOT token             = 0 '<|endoftext|>'
print_info: PAD token             = 50280 '<pad>'
print_info: LF token              = 187 'Ċ'
print_info: EOG token             = 0 '<|endoftext|>'
print_info: EOG token             = 50279 '|||IP_ADDRESS|||'
print_info: max token length      = 1024
load_tensors: loading model tensors, this can take a while... (mmap = true, direct_io = false)
load_tensors: offloading 0 repeating layers to GPU
load_tensors: offloaded 0/17 layers to GPU
load_tensors:   CPU_Mapped model buffer size =  3864.02 MiB
load_tensors:   CPU_REPACK model buffer size =  3952.85 MiB
...................................................
common_init_result: added <|endoftext|> logit bias = -inf
common_init_result: added |||IP_ADDRESS||| logit bias = -inf
llama_context: constructing llama_context
llama_context: n_seq_max     = 4
llama_context: n_ctx         = 2048
llama_context: n_ctx_seq     = 512
llama_context: n_batch       = 2048
llama_context: n_ubatch      = 512
llama_context: causal_attn   = 1
llama_context: flash_attn    = auto
llama_context: kv_unified    = false
llama_context: freq_base     = 10000.0
llama_context: freq_scale    = 1
llama_context: n_ctx_seq (512) < n_ctx_train (4096) -- the full capacity of the model will not be utilized
ggml_metal_init: allocating
ggml_metal_init: found device: Apple M3 Pro
ggml_metal_init: picking default device: Apple M3 Pro
ggml_metal_init: use fusion         = true
ggml_metal_init: use concurrency    = true
ggml_metal_init: use graph optimize = true
llama_context:        CPU  output buffer size =     0.77 MiB
llama_kv_cache:        CPU KV buffer size =   256.00 MiB
llama_kv_cache: size =  256.00 MiB (   512 cells,  16 layers,  4/4 seqs), K (f16):  128.00 MiB, V (f16):  128.00 MiB
sched_reserve: reserving ...
sched_reserve: Flash Attention was auto, set to enabled
sched_reserve: resolving fused Gated Delta Net support:
sched_reserve: fused Gated Delta Net (autoregressive) enabled
sched_reserve: fused Gated Delta Net (chunked) enabled
sched_reserve:        CPU compute buffer size =   106.25 MiB
sched_reserve: graph nodes  = 807
sched_reserve: graph splits = 33 (with bs=512), 1 (with bs=1)
sched_reserve: reserve took 1.30 ms, sched copies = 1
common_init_from_params: warming up the model with an empty run - please wait ... (--no-warmup to disable)

system_info: n_threads = 5 (n_threads_batch = 5) / 11 | MTL : EMBED_LIBRARY = 1 | CPU : NEON = 1 | ARM_FMA = 1 | MATMUL_INT8 = 1 | DOTPROD = 1 | ACCELERATE = 1 | OPENMP = 1 | REPACK = 1 | 
kl_divergence: computing over 24 chunks, n_ctx=512, batch_size=2048, n_seq=4
kl_divergence: 8.19 seconds per pass - ETA 0.82 minutes

chunk             PPL               ln(PPL(Q)/PPL(base))          KL Divergence              Δp RMS            Same top p
   1      15.8103 ±    3.6748       0.52778 ±    0.12104       0.87782 ±    0.07767    26.618 ±  2.033 %    70.196 ±  2.870 %
   2      24.9847 ±    4.4311       0.63589 ±    0.08962       1.10679 ±    0.07488    26.486 ±  1.458 %    64.314 ±  2.123 %
   3      20.7629 ±    2.8570       0.65631 ±    0.07246       1.07158 ±    0.05704    26.708 ±  1.154 %    64.575 ±  1.730 %
   4      18.2753 ±    2.1437       0.72971 ±    0.06395       1.08546 ±    0.04964    28.875 ±  1.020 %    64.608 ±  1.498 %
   5      14.5241 ±    1.4755       0.66387 ±    0.05417       0.99778 ±    0.04267    27.851 ±  0.906 %    67.373 ±  1.314 %
   6      12.4561 ±    1.1388       0.59496 ±    0.04674       0.90886 ±    0.03686    26.079 ±  0.830 %    69.346 ±  1.179 %
   7      14.9499 ±    1.2824       0.62544 ±    0.04400       0.96596 ±    0.03379    26.370 ±  0.763 %    67.283 ±  1.111 %
   8      17.0395 ±    1.3715       0.65322 ±    0.04201       1.00953 ±    0.03142    26.937 ±  0.707 %    65.343 ±  1.054 %
   9      18.3595 ±    1.3925       0.66876 ±    0.03991       1.03833 ±    0.02994    26.985 ±  0.666 %    64.183 ±  1.001 %
  10      20.0319 ±    1.4805       0.67352 ±    0.03846       1.04958 ±    0.02869    26.869 ±  0.631 %    63.804 ±  0.952 %
  11      22.2027 ±    1.5854       0.71008 ±    0.03766       1.09052 ±    0.02814    26.770 ±  0.596 %    62.602 ±  0.914 %
  12      20.6125 ±    1.3989       0.69550 ±    0.03572       1.06641 ±    0.02692    26.360 ±  0.572 %    63.529 ±  0.870 %
  13      19.2517 ±    1.2488       0.67747 ±    0.03406       1.04587 ±    0.02556    26.483 ±  0.554 %    64.103 ±  0.833 %
  14      18.0620 ±    1.1157       0.67649 ±    0.03256       1.02112 ±    0.02422    26.378 ±  0.531 %    64.678 ±  0.800 %
  15      18.6897 ±    1.1217       0.67076 ±    0.03136       1.01921 ±    0.02315    26.226 ±  0.511 %    64.418 ±  0.774 %
  16      19.1066 ±    1.1233       0.66799 ±    0.03041       1.01483 ±    0.02223    26.072 ±  0.496 %    64.485 ±  0.749 %
  17      20.4587 ±    1.1724       0.67577 ±    0.02995       1.04124 ±    0.02175    26.272 ±  0.483 %    63.460 ±  0.731 %
  18      21.6407 ±    1.1998       0.68957 ±    0.02903       1.05249 ±    0.02099    26.302 ±  0.469 %    62.571 ±  0.714 %
  19      22.2766 ±    1.2055       0.69836 ±    0.02823       1.05834 ±    0.02037    26.321 ±  0.456 %    62.105 ±  0.697 %
  20      22.0094 ±    1.1541       0.69445 ±    0.02747       1.06408 ±    0.01975    26.333 ±  0.442 %    61.863 ±  0.680 %
  21      20.6685 ±    1.0547       0.68088 ±    0.02655       1.04018 ±    0.01913    26.189 ±  0.432 %    62.857 ±  0.660 %
  22      19.7027 ±    0.9781       0.67200 ±    0.02575       1.02874 ±    0.01865    26.145 ±  0.421 %    63.280 ±  0.644 %
  23      18.8708 ±    0.9104       0.66140 ±    0.02498       1.01490 ±    0.01813    26.003 ±  0.411 %    63.615 ±  0.628 %
  24      18.5000 ±    0.8716       0.66382 ±    0.02437       1.00767 ±    0.01765    26.068 ±  0.403 %    63.987 ±  0.614 %

====== Perplexity statistics ======
Mean PPL(Q)                   :  18.499968 ±   0.871552
Mean PPL(base)                :   9.525310 ±   0.386514
Cor(ln(PPL(Q)), ln(PPL(base))):  85.58%
Mean ln(PPL(Q)/PPL(base))     :   0.663817 ±   0.024370
Mean PPL(Q)/PPL(base)         :   1.942191 ±   0.047331
Mean PPL(Q)-PPL(base)         :   8.974658 ±   0.576537

====== KL divergence statistics ======
Mean    KLD:   1.007673 ±   0.017653
Maximum KLD:  20.218655
99.9%   KLD:  10.604270
99.0%   KLD:   6.229786
95.0%   KLD:   3.604570
90.0%   KLD:   2.708434
Median  KLD:   0.500711
10.0%   KLD:   0.001301
 5.0%   KLD:   0.000203
 1.0%   KLD:   0.000006
 0.1%   KLD:   0.000000
Minimum KLD:  -0.000003

====== Token probability statistics ======
Mean    Δp: -6.434 ± 0.323 %
Maximum Δp: 99.148%
99.9%   Δp: 87.349%
99.0%   Δp: 59.761%
95.0%   Δp: 26.345%
90.0%   Δp: 11.403%
75.0%   Δp:  0.348%
Median  Δp: -0.099%
25.0%   Δp: -8.470%
10.0%   Δp: -39.034%
 5.0%   Δp: -63.314%
 1.0%   Δp: -90.867%
 0.1%   Δp: -98.813%
Minimum Δp: -99.982%
RMS Δp    : 26.068 ± 0.403 %
Same top p: 63.987 ± 0.614 %

llama_perf_context_print:        load time =    2138.00 ms
llama_perf_context_print: prompt eval time =   42121.51 ms / 12288 tokens (    3.43 ms per token,   291.73 tokens per second)
llama_perf_context_print:        eval time =       0.00 ms /     1 runs   (    0.00 ms per token,      inf tokens per second)
llama_perf_context_print:       total time =   50817.15 ms / 12289 tokens
llama_perf_context_print:    graphs reused =         12
llama_memory_breakdown_print: | memory breakdown [MiB]  | total    free    self   model   context   compute    unaccounted |
llama_memory_breakdown_print: |   - MTL0 (Apple M3 Pro) | 28753 = 28753 + (   0 =     0 +       0 +       0) +           0 |
llama_memory_breakdown_print: |   - Host                |                  4226 =  3864 +     256 +     106                |
llama_memory_breakdown_print: |   - CPU_REPACK          |                  3952 =  3952 +       0 +       0                |
ggml_metal_free: deallocating
