load_backend: loaded BLAS backend from /opt/homebrew/Cellar/ggml/0.9.8/libexec/libggml-blas.so
ggml_metal_device_init: tensor API disabled for pre-M5 and pre-A19 devices
ggml_metal_library_init: using embedded metal library
ggml_metal_library_init: loaded in 0.006 sec
ggml_metal_rsets_init: creating a residency set collection (keep_alive = 180 s)
ggml_metal_device_init: GPU name:   MTL0
ggml_metal_device_init: GPU family: MTLGPUFamilyApple9  (1009)
ggml_metal_device_init: GPU family: MTLGPUFamilyCommon3 (3003)
ggml_metal_device_init: GPU family: MTLGPUFamilyMetal4  (5002)
ggml_metal_device_init: simdgroup reduction   = true
ggml_metal_device_init: simdgroup matrix mul. = true
ggml_metal_device_init: has unified memory    = true
ggml_metal_device_init: has bfloat            = true
ggml_metal_device_init: has tensor            = false
ggml_metal_device_init: use residency sets    = true
ggml_metal_device_init: use shared buffers    = true
ggml_metal_device_init: recommendedMaxWorkingSetSize  = 30150.67 MB
load_backend: loaded MTL backend from /opt/homebrew/Cellar/ggml/0.9.8/libexec/libggml-metal.so
load_backend: loaded CPU backend from /opt/homebrew/Cellar/ggml/0.9.8/libexec/libggml-cpu-apple_m2_m3.so
build: 8500 (342d6125b) with AppleClang 17.0.0.17000604 for Darwin arm64
common_init_result: fitting params to device memory, for bugs during this step try to reproduce them with -fit off, or provide --verbose logs if the bug only occurs with -fit on
llama_params_fit_impl: projected to use 0 MiB of device memory vs. 28753 MiB of free device memory
llama_params_fit_impl: will leave 28753 >= 1024 MiB of free device memory, no changes needed
llama_params_fit: successfully fit params to free device memory
llama_params_fit: fitting params to free memory took 0.05 seconds
llama_model_load_from_file_impl: using device MTL0 (Apple M3 Pro) (unknown id) - 28753 MiB free
llama_model_loader: loaded meta data with 28 key-value pairs and 195 tensors from models/OLMoE-1B-7B-0125-Instruct-Q4_K_M.gguf (version GGUF V3 (latest))
llama_model_loader: Dumping metadata keys/values. Note: KV overrides do not apply in this output.
llama_model_loader: - kv   0:                       general.architecture str              = olmoe
llama_model_loader: - kv   1:                               general.type str              = model
llama_model_loader: - kv   2:                               general.name str              = Open_Instruct_Dev
llama_model_loader: - kv   3:                       general.organization str              = Allenai
llama_model_loader: - kv   4:                         general.size_label str              = 64x577M
llama_model_loader: - kv   5:                          olmoe.block_count u32              = 16
llama_model_loader: - kv   6:                       olmoe.context_length u32              = 4096
llama_model_loader: - kv   7:                     olmoe.embedding_length u32              = 2048
llama_model_loader: - kv   8:                  olmoe.feed_forward_length u32              = 1024
llama_model_loader: - kv   9:                 olmoe.attention.head_count u32              = 16
llama_model_loader: - kv  10:              olmoe.attention.head_count_kv u32              = 16
llama_model_loader: - kv  11:                       olmoe.rope.freq_base f32              = 10000.000000
llama_model_loader: - kv  12:     olmoe.attention.layer_norm_rms_epsilon f32              = 0.000010
llama_model_loader: - kv  13:                    olmoe.expert_used_count u32              = 8
llama_model_loader: - kv  14:                         olmoe.expert_count u32              = 64
llama_model_loader: - kv  15:                       tokenizer.ggml.model str              = gpt2
llama_model_loader: - kv  16:                         tokenizer.ggml.pre str              = olmo
llama_model_loader: - kv  17:                      tokenizer.ggml.tokens arr[str,50304]   = ["<|endoftext|>", "<|padding|>", "!",...
llama_model_loader: - kv  18:                  tokenizer.ggml.token_type arr[i32,50304]   = [3, 3, 1, 1, 1, 1, 1, 1, 1, 1, 1, 1, ...
llama_model_loader: - kv  19:                      tokenizer.ggml.merges arr[str,50009]   = ["Ġ Ġ", "Ġ t", "Ġ a", "h e", "i n...
llama_model_loader: - kv  20:                tokenizer.ggml.bos_token_id u32              = 50279
llama_model_loader: - kv  21:                tokenizer.ggml.eos_token_id u32              = 50279
llama_model_loader: - kv  22:            tokenizer.ggml.padding_token_id u32              = 50280
llama_model_loader: - kv  23:               tokenizer.ggml.add_bos_token bool             = false
llama_model_loader: - kv  24:               tokenizer.ggml.add_eos_token bool             = false
llama_model_loader: - kv  25:                    tokenizer.chat_template str              = {{ bos_token }}{% for message in mess...
llama_model_loader: - kv  26:               general.quantization_version u32              = 2
llama_model_loader: - kv  27:                          general.file_type u32              = 15
llama_model_loader: - type  f32:   81 tensors
llama_model_loader: - type q4_K:   97 tensors
llama_model_loader: - type q6_K:   17 tensors
print_info: file format = GGUF V3 (latest)
print_info: file type   = Q4_K - Medium
print_info: file size   = 3.92 GiB (4.87 BPW) 
validate_override: Using metadata override (  int) 'olmoe.expert_used_count' = 6
load: 0 unused tokens
load: special_eos_id is not in special_eog_ids - the tokenizer config may be incorrect
load: printing all EOG tokens:
load:   - 0 ('<|endoftext|>')
load:   - 50279 ('|||IP_ADDRESS|||')
load: special tokens cache size = 29
load: token to piece cache size = 0.2985 MB
print_info: arch                  = olmoe
print_info: vocab_only            = 0
print_info: no_alloc              = 0
print_info: n_ctx_train           = 4096
print_info: n_embd                = 2048
print_info: n_embd_inp            = 2048
print_info: n_layer               = 16
print_info: n_head                = 16
print_info: n_head_kv             = 16
print_info: n_rot                 = 128
print_info: n_swa                 = 0
print_info: is_swa_any            = 0
print_info: n_embd_head_k         = 128
print_info: n_embd_head_v         = 128
print_info: n_gqa                 = 1
print_info: n_embd_k_gqa          = 2048
print_info: n_embd_v_gqa          = 2048
print_info: f_norm_eps            = 0.0e+00
print_info: f_norm_rms_eps        = 1.0e-05
print_info: f_clamp_kqv           = 0.0e+00
print_info: f_max_alibi_bias      = 0.0e+00
print_info: f_logit_scale         = 0.0e+00
print_info: f_attn_scale          = 0.0e+00
print_info: n_ff                  = 1024
print_info: n_expert              = 64
print_info: n_expert_used         = 6
print_info: n_expert_groups       = 0
print_info: n_group_used          = 0
print_info: causal attn           = 1
print_info: pooling type          = 0
print_info: rope type             = 2
print_info: rope scaling          = linear
print_info: freq_base_train       = 10000.0
print_info: freq_scale_train      = 1
print_info: n_ctx_orig_yarn       = 4096
print_info: rope_yarn_log_mul     = 0.0000
print_info: rope_finetuned        = unknown
print_info: model type            = A1.7B
print_info: model params          = 6.92 B
print_info: general.name          = Open_Instruct_Dev
print_info: vocab type            = BPE
print_info: n_vocab               = 50304
print_info: n_merges              = 50009
print_info: BOS token             = 50279 '|||IP_ADDRESS|||'
print_info: EOS token             = 50279 '|||IP_ADDRESS|||'
print_info: EOT token             = 0 '<|endoftext|>'
print_info: PAD token             = 50280 '<pad>'
print_info: LF token              = 187 'Ċ'
print_info: EOG token             = 0 '<|endoftext|>'
print_info: EOG token             = 50279 '|||IP_ADDRESS|||'
print_info: max token length      = 1024
load_tensors: loading model tensors, this can take a while... (mmap = true, direct_io = false)
load_tensors: offloading 0 repeating layers to GPU
load_tensors: offloaded 0/17 layers to GPU
load_tensors:   CPU_Mapped model buffer size =  3864.02 MiB
load_tensors:   CPU_REPACK model buffer size =  3952.85 MiB
...................................................
common_init_result: added <|endoftext|> logit bias = -inf
common_init_result: added |||IP_ADDRESS||| logit bias = -inf
llama_context: constructing llama_context
llama_context: n_seq_max     = 4
llama_context: n_ctx         = 2048
llama_context: n_ctx_seq     = 512
llama_context: n_batch       = 2048
llama_context: n_ubatch      = 512
llama_context: causal_attn   = 1
llama_context: flash_attn    = auto
llama_context: kv_unified    = false
llama_context: freq_base     = 10000.0
llama_context: freq_scale    = 1
llama_context: n_ctx_seq (512) < n_ctx_train (4096) -- the full capacity of the model will not be utilized
ggml_metal_init: allocating
ggml_metal_init: found device: Apple M3 Pro
ggml_metal_init: picking default device: Apple M3 Pro
ggml_metal_init: use fusion         = true
ggml_metal_init: use concurrency    = true
ggml_metal_init: use graph optimize = true
llama_context:        CPU  output buffer size =     0.77 MiB
llama_kv_cache:        CPU KV buffer size =   256.00 MiB
llama_kv_cache: size =  256.00 MiB (   512 cells,  16 layers,  4/4 seqs), K (f16):  128.00 MiB, V (f16):  128.00 MiB
sched_reserve: reserving ...
sched_reserve: Flash Attention was auto, set to enabled
sched_reserve: resolving fused Gated Delta Net support:
sched_reserve: fused Gated Delta Net (autoregressive) enabled
sched_reserve: fused Gated Delta Net (chunked) enabled
sched_reserve:        CPU compute buffer size =   106.25 MiB
sched_reserve: graph nodes  = 903
sched_reserve: graph splits = 33 (with bs=512), 1 (with bs=1)
sched_reserve: reserve took 1.35 ms, sched copies = 1
common_init_from_params: warming up the model with an empty run - please wait ... (--no-warmup to disable)

system_info: n_threads = 5 (n_threads_batch = 5) / 11 | MTL : EMBED_LIBRARY = 1 | CPU : NEON = 1 | ARM_FMA = 1 | MATMUL_INT8 = 1 | DOTPROD = 1 | ACCELERATE = 1 | OPENMP = 1 | REPACK = 1 | 
kl_divergence: computing over 24 chunks, n_ctx=512, batch_size=2048, n_seq=4
kl_divergence: 13.80 seconds per pass - ETA 1.37 minutes

chunk             PPL               ln(PPL(Q)/PPL(base))          KL Divergence              Δp RMS            Same top p
   1       9.9753 ±    2.0676       0.06723 ±    0.04092       0.10798 ±    0.01226    10.257 ±  1.081 %    86.667 ±  2.133 %
   2      14.0926 ±    2.2961       0.06327 ±    0.03299       0.18102 ±    0.04248    11.087 ±  1.137 %    83.922 ±  1.628 %
   3      11.4494 ±    1.4290       0.06108 ±    0.02734       0.16073 ±    0.02863    10.796 ±  0.879 %    84.444 ±  1.311 %
   4       9.2846 ±    0.9825       0.05251 ±    0.02354       0.15438 ±    0.02186    11.177 ±  0.692 %    85.000 ±  1.119 %
   5       7.8925 ±    0.7228       0.05397 ±    0.01996       0.13938 ±    0.01776    10.909 ±  0.671 %    86.353 ±  0.962 %
   6       7.2688 ±    0.5980       0.05634 ±    0.01717       0.12436 ±    0.01487    10.147 ±  0.604 %    87.255 ±  0.853 %
   7       8.5086 ±    0.6611       0.06182 ±    0.01660       0.13627 ±    0.01298    10.295 ±  0.544 %    85.546 ±  0.833 %
   8       9.3895 ±    0.6826       0.05728 ±    0.01574       0.14703 ±    0.01161    10.636 ±  0.494 %    84.559 ±  0.800 %
   9      10.1133 ±    0.6932       0.07246 ±    0.01552       0.15735 ±    0.01086    10.773 ±  0.458 %    84.139 ±  0.763 %
  10      11.0168 ±    0.7342       0.07562 ±    0.01503       0.15807 ±    0.00988    10.750 ±  0.430 %    83.922 ±  0.728 %
  11      11.9452 ±    0.7668       0.09020 ±    0.01454       0.16385 ±    0.00913    10.734 ±  0.403 %    83.316 ±  0.704 %
  12      11.2103 ±    0.6815       0.08643 ±    0.01372       0.15841 ±    0.00848    10.527 ±  0.388 %    83.954 ±  0.664 %
  13      10.6399 ±    0.6189       0.08448 ±    0.01303       0.15225 ±    0.00790    10.487 ±  0.382 %    84.495 ±  0.629 %
  14       9.9870 ±    0.5517       0.08396 ±    0.01232       0.14603 ±    0.00736    10.285 ±  0.364 %    84.986 ±  0.598 %
  15      10.3683 ±    0.5565       0.08154 ±    0.01180       0.14410 ±    0.00691    10.223 ±  0.348 %    84.810 ±  0.580 %
  16      10.6162 ±    0.5569       0.08033 ±    0.01141       0.14370 ±    0.00655    10.104 ±  0.333 %    84.951 ±  0.560 %
  17      11.2698 ±    0.5774       0.07949 ±    0.01124       0.14647 ±    0.00625    10.071 ±  0.320 %    84.591 ±  0.548 %
  18      11.8471 ±    0.5892       0.08707 ±    0.01095       0.14972 ±    0.00596    10.142 ±  0.309 %    84.052 ±  0.540 %
  19      12.1175 ±    0.5891       0.08948 ±    0.01080       0.15067 ±    0.00572    10.147 ±  0.298 %    83.529 ±  0.533 %
  20      11.9516 ±    0.5616       0.08384 ±    0.01051       0.15206 ±    0.00551    10.247 ±  0.288 %    83.549 ±  0.519 %
  21      11.3363 ±    0.5169       0.08028 ±    0.01012       0.14787 ±    0.00527    10.133 ±  0.279 %    83.996 ±  0.501 %
  22      10.9037 ±    0.4829       0.08035 ±    0.00978       0.14441 ±    0.00505    10.030 ±  0.271 %    84.349 ±  0.485 %
  23      10.5542 ±    0.4542       0.08031 ±    0.00942       0.14104 ±    0.00485     9.915 ±  0.263 %    84.587 ±  0.472 %
  24      10.3224 ±    0.4338       0.08037 ±    0.00915       0.13855 ±    0.00466     9.834 ±  0.256 %    84.739 ±  0.460 %

====== Perplexity statistics ======
Mean PPL(Q)                   :  10.322418 ±   0.433809
Mean PPL(base)                :   9.525310 ±   0.386514
Cor(ln(PPL(Q)), ln(PPL(base))):  97.61%
Mean ln(PPL(Q)/PPL(base))     :   0.080366 ±   0.009147
Mean PPL(Q)/PPL(base)         :   1.083683 ±   0.009913
Mean PPL(Q)-PPL(base)         :   0.797108 ±   0.101279

====== KL divergence statistics ======
Mean    KLD:   0.138548 ±   0.004663
Maximum KLD:  21.222389
99.9%   KLD:   2.757325
99.0%   KLD:   1.183701
95.0%   KLD:   0.531743
90.0%   KLD:   0.356102
Median  KLD:   0.045468
10.0%   KLD:   0.000101
 5.0%   KLD:   0.000012
 1.0%   KLD:   0.000000
 0.1%   KLD:  -0.000001
Minimum KLD:  -0.000006

====== Token probability statistics ======
Mean    Δp: -0.416 ± 0.126 %
Maximum Δp: 99.148%
99.9%   Δp: 57.372%
99.0%   Δp: 31.165%
95.0%   Δp: 13.021%
90.0%   Δp:  6.313%
75.0%   Δp:  0.609%
Median  Δp: -0.000%
25.0%   Δp: -1.056%
10.0%   Δp: -8.007%
 5.0%   Δp: -15.796%
 1.0%   Δp: -33.094%
 0.1%   Δp: -59.169%
Minimum Δp: -96.032%
RMS Δp    :  9.834 ± 0.256 %
Same top p: 84.739 ± 0.460 %

llama_perf_context_print:        load time =    1967.85 ms
llama_perf_context_print: prompt eval time =   60368.78 ms / 12288 tokens (    4.91 ms per token,   203.55 tokens per second)
llama_perf_context_print:        eval time =       0.00 ms /     1 runs   (    0.00 ms per token,      inf tokens per second)
llama_perf_context_print:       total time =   74669.28 ms / 12289 tokens
llama_perf_context_print:    graphs reused =         12
llama_memory_breakdown_print: | memory breakdown [MiB]  | total    free    self   model   context   compute    unaccounted |
llama_memory_breakdown_print: |   - MTL0 (Apple M3 Pro) | 28753 = 28753 + (   0 =     0 +       0 +       0) +           0 |
llama_memory_breakdown_print: |   - Host                |                  4226 =  3864 +     256 +     106                |
llama_memory_breakdown_print: |   - CPU_REPACK          |                  3952 =  3952 +       0 +       0                |
ggml_metal_free: deallocating
