load_backend: loaded BLAS backend from /opt/homebrew/Cellar/ggml/0.9.8/libexec/libggml-blas.so
ggml_metal_device_init: tensor API disabled for pre-M5 and pre-A19 devices
ggml_metal_library_init: using embedded metal library
ggml_metal_library_init: loaded in 0.006 sec
ggml_metal_rsets_init: creating a residency set collection (keep_alive = 180 s)
ggml_metal_device_init: GPU name:   MTL0
ggml_metal_device_init: GPU family: MTLGPUFamilyApple9  (1009)
ggml_metal_device_init: GPU family: MTLGPUFamilyCommon3 (3003)
ggml_metal_device_init: GPU family: MTLGPUFamilyMetal4  (5002)
ggml_metal_device_init: simdgroup reduction   = true
ggml_metal_device_init: simdgroup matrix mul. = true
ggml_metal_device_init: has unified memory    = true
ggml_metal_device_init: has bfloat            = true
ggml_metal_device_init: has tensor            = false
ggml_metal_device_init: use residency sets    = true
ggml_metal_device_init: use shared buffers    = true
ggml_metal_device_init: recommendedMaxWorkingSetSize  = 30150.67 MB
load_backend: loaded MTL backend from /opt/homebrew/Cellar/ggml/0.9.8/libexec/libggml-metal.so
load_backend: loaded CPU backend from /opt/homebrew/Cellar/ggml/0.9.8/libexec/libggml-cpu-apple_m2_m3.so
build: 8500 (342d6125b) with AppleClang 17.0.0.17000604 for Darwin arm64
common_init_result: fitting params to device memory, for bugs during this step try to reproduce them with -fit off, or provide --verbose logs if the bug only occurs with -fit on
llama_params_fit_impl: projected to use 0 MiB of device memory vs. 28753 MiB of free device memory
llama_params_fit_impl: will leave 28753 >= 1024 MiB of free device memory, no changes needed
llama_params_fit: successfully fit params to free device memory
llama_params_fit: fitting params to free memory took 0.05 seconds
llama_model_load_from_file_impl: using device MTL0 (Apple M3 Pro) (unknown id) - 28753 MiB free
llama_model_loader: loaded meta data with 28 key-value pairs and 195 tensors from models/OLMoE-1B-7B-0125-Instruct-Q4_K_M.gguf (version GGUF V3 (latest))
llama_model_loader: Dumping metadata keys/values. Note: KV overrides do not apply in this output.
llama_model_loader: - kv   0:                       general.architecture str              = olmoe
llama_model_loader: - kv   1:                               general.type str              = model
llama_model_loader: - kv   2:                               general.name str              = Open_Instruct_Dev
llama_model_loader: - kv   3:                       general.organization str              = Allenai
llama_model_loader: - kv   4:                         general.size_label str              = 64x577M
llama_model_loader: - kv   5:                          olmoe.block_count u32              = 16
llama_model_loader: - kv   6:                       olmoe.context_length u32              = 4096
llama_model_loader: - kv   7:                     olmoe.embedding_length u32              = 2048
llama_model_loader: - kv   8:                  olmoe.feed_forward_length u32              = 1024
llama_model_loader: - kv   9:                 olmoe.attention.head_count u32              = 16
llama_model_loader: - kv  10:              olmoe.attention.head_count_kv u32              = 16
llama_model_loader: - kv  11:                       olmoe.rope.freq_base f32              = 10000.000000
llama_model_loader: - kv  12:     olmoe.attention.layer_norm_rms_epsilon f32              = 0.000010
llama_model_loader: - kv  13:                    olmoe.expert_used_count u32              = 8
llama_model_loader: - kv  14:                         olmoe.expert_count u32              = 64
llama_model_loader: - kv  15:                       tokenizer.ggml.model str              = gpt2
llama_model_loader: - kv  16:                         tokenizer.ggml.pre str              = olmo
llama_model_loader: - kv  17:                      tokenizer.ggml.tokens arr[str,50304]   = ["<|endoftext|>", "<|padding|>", "!",...
llama_model_loader: - kv  18:                  tokenizer.ggml.token_type arr[i32,50304]   = [3, 3, 1, 1, 1, 1, 1, 1, 1, 1, 1, 1, ...
llama_model_loader: - kv  19:                      tokenizer.ggml.merges arr[str,50009]   = ["Ġ Ġ", "Ġ t", "Ġ a", "h e", "i n...
llama_model_loader: - kv  20:                tokenizer.ggml.bos_token_id u32              = 50279
llama_model_loader: - kv  21:                tokenizer.ggml.eos_token_id u32              = 50279
llama_model_loader: - kv  22:            tokenizer.ggml.padding_token_id u32              = 50280
llama_model_loader: - kv  23:               tokenizer.ggml.add_bos_token bool             = false
llama_model_loader: - kv  24:               tokenizer.ggml.add_eos_token bool             = false
llama_model_loader: - kv  25:                    tokenizer.chat_template str              = {{ bos_token }}{% for message in mess...
llama_model_loader: - kv  26:               general.quantization_version u32              = 2
llama_model_loader: - kv  27:                          general.file_type u32              = 15
llama_model_loader: - type  f32:   81 tensors
llama_model_loader: - type q4_K:   97 tensors
llama_model_loader: - type q6_K:   17 tensors
print_info: file format = GGUF V3 (latest)
print_info: file type   = Q4_K - Medium
print_info: file size   = 3.92 GiB (4.87 BPW) 
validate_override: Using metadata override (  int) 'olmoe.expert_used_count' = 7
load: 0 unused tokens
load: special_eos_id is not in special_eog_ids - the tokenizer config may be incorrect
load: printing all EOG tokens:
load:   - 0 ('<|endoftext|>')
load:   - 50279 ('|||IP_ADDRESS|||')
load: special tokens cache size = 29
load: token to piece cache size = 0.2985 MB
print_info: arch                  = olmoe
print_info: vocab_only            = 0
print_info: no_alloc              = 0
print_info: n_ctx_train           = 4096
print_info: n_embd                = 2048
print_info: n_embd_inp            = 2048
print_info: n_layer               = 16
print_info: n_head                = 16
print_info: n_head_kv             = 16
print_info: n_rot                 = 128
print_info: n_swa                 = 0
print_info: is_swa_any            = 0
print_info: n_embd_head_k         = 128
print_info: n_embd_head_v         = 128
print_info: n_gqa                 = 1
print_info: n_embd_k_gqa          = 2048
print_info: n_embd_v_gqa          = 2048
print_info: f_norm_eps            = 0.0e+00
print_info: f_norm_rms_eps        = 1.0e-05
print_info: f_clamp_kqv           = 0.0e+00
print_info: f_max_alibi_bias      = 0.0e+00
print_info: f_logit_scale         = 0.0e+00
print_info: f_attn_scale          = 0.0e+00
print_info: n_ff                  = 1024
print_info: n_expert              = 64
print_info: n_expert_used         = 7
print_info: n_expert_groups       = 0
print_info: n_group_used          = 0
print_info: causal attn           = 1
print_info: pooling type          = 0
print_info: rope type             = 2
print_info: rope scaling          = linear
print_info: freq_base_train       = 10000.0
print_info: freq_scale_train      = 1
print_info: n_ctx_orig_yarn       = 4096
print_info: rope_yarn_log_mul     = 0.0000
print_info: rope_finetuned        = unknown
print_info: model type            = A1.7B
print_info: model params          = 6.92 B
print_info: general.name          = Open_Instruct_Dev
print_info: vocab type            = BPE
print_info: n_vocab               = 50304
print_info: n_merges              = 50009
print_info: BOS token             = 50279 '|||IP_ADDRESS|||'
print_info: EOS token             = 50279 '|||IP_ADDRESS|||'
print_info: EOT token             = 0 '<|endoftext|>'
print_info: PAD token             = 50280 '<pad>'
print_info: LF token              = 187 'Ċ'
print_info: EOG token             = 0 '<|endoftext|>'
print_info: EOG token             = 50279 '|||IP_ADDRESS|||'
print_info: max token length      = 1024
load_tensors: loading model tensors, this can take a while... (mmap = true, direct_io = false)
load_tensors: offloading 0 repeating layers to GPU
load_tensors: offloaded 0/17 layers to GPU
load_tensors:   CPU_Mapped model buffer size =  3864.02 MiB
load_tensors:   CPU_REPACK model buffer size =  3952.85 MiB
...................................................
common_init_result: added <|endoftext|> logit bias = -inf
common_init_result: added |||IP_ADDRESS||| logit bias = -inf
llama_context: constructing llama_context
llama_context: n_seq_max     = 4
llama_context: n_ctx         = 2048
llama_context: n_ctx_seq     = 512
llama_context: n_batch       = 2048
llama_context: n_ubatch      = 512
llama_context: causal_attn   = 1
llama_context: flash_attn    = auto
llama_context: kv_unified    = false
llama_context: freq_base     = 10000.0
llama_context: freq_scale    = 1
llama_context: n_ctx_seq (512) < n_ctx_train (4096) -- the full capacity of the model will not be utilized
ggml_metal_init: allocating
ggml_metal_init: found device: Apple M3 Pro
ggml_metal_init: picking default device: Apple M3 Pro
ggml_metal_init: use fusion         = true
ggml_metal_init: use concurrency    = true
ggml_metal_init: use graph optimize = true
llama_context:        CPU  output buffer size =     0.77 MiB
llama_kv_cache:        CPU KV buffer size =   256.00 MiB
llama_kv_cache: size =  256.00 MiB (   512 cells,  16 layers,  4/4 seqs), K (f16):  128.00 MiB, V (f16):  128.00 MiB
sched_reserve: reserving ...
sched_reserve: Flash Attention was auto, set to enabled
sched_reserve: resolving fused Gated Delta Net support:
sched_reserve: fused Gated Delta Net (autoregressive) enabled
sched_reserve: fused Gated Delta Net (chunked) enabled
sched_reserve:        CPU compute buffer size =   106.25 MiB
sched_reserve: graph nodes  = 935
sched_reserve: graph splits = 33 (with bs=512), 1 (with bs=1)
sched_reserve: reserve took 1.37 ms, sched copies = 1
common_init_from_params: warming up the model with an empty run - please wait ... (--no-warmup to disable)

system_info: n_threads = 5 (n_threads_batch = 5) / 11 | MTL : EMBED_LIBRARY = 1 | CPU : NEON = 1 | ARM_FMA = 1 | MATMUL_INT8 = 1 | DOTPROD = 1 | ACCELERATE = 1 | OPENMP = 1 | REPACK = 1 | 
kl_divergence: computing over 24 chunks, n_ctx=512, batch_size=2048, n_seq=4
kl_divergence: 13.27 seconds per pass - ETA 1.32 minutes

chunk             PPL               ln(PPL(Q)/PPL(base))          KL Divergence              Δp RMS            Same top p
   1       9.6064 ±    1.9486       0.02955 ±    0.02696       0.03620 ±    0.00547     5.381 ±  0.704 %    92.157 ±  1.687 %
   2      13.9058 ±    2.2255       0.04993 ±    0.02505       0.06583 ±    0.00871     6.587 ±  0.715 %    89.216 ±  1.375 %
   3      11.3019 ±    1.3829       0.04811 ±    0.01860       0.05668 ±    0.00595     6.114 ±  0.527 %    90.196 ±  1.076 %
   4       9.1285 ±    0.9461       0.03556 ±    0.01562       0.05709 ±    0.00489     6.743 ±  0.441 %    90.686 ±  0.910 %
   5       7.7126 ±    0.6948       0.03091 ±    0.01322       0.05034 ±    0.00397     6.379 ±  0.384 %    92.000 ±  0.760 %
   6       7.0651 ±    0.5704       0.02791 ±    0.01126       0.04540 ±    0.00336     6.024 ±  0.344 %    92.614 ±  0.669 %
   7       8.2799 ±    0.6341       0.03458 ±    0.01089       0.05358 ±    0.00313     6.335 ±  0.310 %    91.373 ±  0.665 %
   8       9.1197 ±    0.6552       0.02813 ±    0.01026       0.05921 ±    0.00303     6.718 ±  0.329 %    90.441 ±  0.651 %
   9       9.7306 ±    0.6568       0.03389 ±    0.01001       0.06298 ±    0.00288     6.831 ±  0.306 %    90.153 ±  0.622 %
  10      10.6224 ±    0.6981       0.03917 ±    0.00970       0.06258 ±    0.00264     6.771 ±  0.290 %    90.000 ±  0.594 %
  11      11.3863 ±    0.7191       0.04228 ±    0.00940       0.06611 ±    0.00255     6.824 ±  0.269 %    89.447 ±  0.580 %
  12      10.6860 ±    0.6384       0.03854 ±    0.00879       0.06332 ±    0.00239     6.697 ±  0.255 %    89.837 ±  0.546 %
  13      10.1641 ±    0.5816       0.03873 ±    0.00846       0.06053 ±    0.00222     6.636 ±  0.242 %    90.196 ±  0.517 %
  14       9.5364 ±    0.5182       0.03780 ±    0.00797       0.05813 ±    0.00208     6.605 ±  0.232 %    90.364 ±  0.494 %
  15       9.8842 ±    0.5222       0.03373 ±    0.00759       0.05702 ±    0.00196     6.568 ±  0.222 %    90.458 ±  0.475 %
  16      10.1082 ±    0.5219       0.03130 ±    0.00735       0.05786 ±    0.00196     6.472 ±  0.213 %    90.343 ±  0.462 %
  17      10.7720 ±    0.5441       0.03431 ±    0.00735       0.06093 ±    0.00207     6.519 ±  0.210 %    90.058 ±  0.455 %
  18      11.2816 ±    0.5530       0.03816 ±    0.00714       0.06247 ±    0.00200     6.566 ±  0.206 %    89.717 ±  0.448 %
  19      11.5620 ±    0.5545       0.04255 ±    0.00703       0.06257 ±    0.00193     6.576 ±  0.199 %    89.474 ±  0.441 %
  20      11.4259 ±    0.5300       0.03887 ±    0.00683       0.06348 ±    0.00190     6.606 ±  0.191 %    89.431 ±  0.431 %
  21      10.8499 ±    0.4884       0.03643 ±    0.00658       0.06153 ±    0.00182     6.529 ±  0.185 %    89.748 ±  0.415 %
  22      10.4238 ±    0.4553       0.03534 ±    0.00634       0.05982 ±    0.00174     6.518 ±  0.183 %    89.893 ±  0.402 %
  23      10.0827 ±    0.4278       0.03460 ±    0.00612       0.05834 ±    0.00168     6.458 ±  0.178 %    90.026 ±  0.391 %
  24       9.8579 ±    0.4085       0.03432 ±    0.00593       0.05708 ±    0.00162     6.409 ±  0.173 %    90.180 ±  0.380 %

====== Perplexity statistics ======
Mean PPL(Q)                   :   9.857927 ±   0.408490
Mean PPL(base)                :   9.525310 ±   0.386514
Cor(ln(PPL(Q)), ln(PPL(base))):  98.98%
Mean ln(PPL(Q)/PPL(base))     :   0.034323 ±   0.005929
Mean PPL(Q)/PPL(base)         :   1.034919 ±   0.006136
Mean PPL(Q)-PPL(base)         :   0.332617 ±   0.060945

====== KL divergence statistics ======
Mean    KLD:   0.057084 ±   0.001616
Maximum KLD:   3.602554
99.9%   KLD:   1.362104
99.0%   KLD:   0.558084
95.0%   KLD:   0.224211
90.0%   KLD:   0.147445
Median  KLD:   0.017634
10.0%   KLD:   0.000038
 5.0%   KLD:   0.000005
 1.0%   KLD:   0.000000
 0.1%   KLD:  -0.000002
Minimum KLD:  -0.000010

====== Token probability statistics ======
Mean    Δp: -0.085 ± 0.082 %
Maximum Δp: 55.252%
99.9%   Δp: 39.730%
99.0%   Δp: 20.183%
95.0%   Δp:  8.631%
90.0%   Δp:  4.324%
75.0%   Δp:  0.500%
Median  Δp:  0.000%
25.0%   Δp: -0.477%
10.0%   Δp: -4.599%
 5.0%   Δp: -9.114%
 1.0%   Δp: -22.512%
 0.1%   Δp: -42.664%
Minimum Δp: -60.044%
RMS Δp    :  6.409 ± 0.173 %
Same top p: 90.180 ± 0.380 %

llama_perf_context_print:        load time =    1974.85 ms
llama_perf_context_print: prompt eval time =   66163.79 ms / 12288 tokens (    5.38 ms per token,   185.72 tokens per second)
llama_perf_context_print:        eval time =       0.00 ms /     1 runs   (    0.00 ms per token,      inf tokens per second)
llama_perf_context_print:       total time =   79934.90 ms / 12289 tokens
llama_perf_context_print:    graphs reused =         12
llama_memory_breakdown_print: | memory breakdown [MiB]  | total    free    self   model   context   compute    unaccounted |
llama_memory_breakdown_print: |   - MTL0 (Apple M3 Pro) | 28753 = 28753 + (   0 =     0 +       0 +       0) +           0 |
llama_memory_breakdown_print: |   - Host                |                  4226 =  3864 +     256 +     106                |
llama_memory_breakdown_print: |   - CPU_REPACK          |                  3952 =  3952 +       0 +       0                |
ggml_metal_free: deallocating
