load_backend: loaded BLAS backend from /opt/homebrew/Cellar/ggml/0.9.8/libexec/libggml-blas.so
ggml_metal_device_init: tensor API disabled for pre-M5 and pre-A19 devices
ggml_metal_library_init: using embedded metal library
ggml_metal_library_init: loaded in 0.006 sec
ggml_metal_rsets_init: creating a residency set collection (keep_alive = 180 s)
ggml_metal_device_init: GPU name:   MTL0
ggml_metal_device_init: GPU family: MTLGPUFamilyApple9  (1009)
ggml_metal_device_init: GPU family: MTLGPUFamilyCommon3 (3003)
ggml_metal_device_init: GPU family: MTLGPUFamilyMetal4  (5002)
ggml_metal_device_init: simdgroup reduction   = true
ggml_metal_device_init: simdgroup matrix mul. = true
ggml_metal_device_init: has unified memory    = true
ggml_metal_device_init: has bfloat            = true
ggml_metal_device_init: has tensor            = false
ggml_metal_device_init: use residency sets    = true
ggml_metal_device_init: use shared buffers    = true
ggml_metal_device_init: recommendedMaxWorkingSetSize  = 30150.67 MB
load_backend: loaded MTL backend from /opt/homebrew/Cellar/ggml/0.9.8/libexec/libggml-metal.so
load_backend: loaded CPU backend from /opt/homebrew/Cellar/ggml/0.9.8/libexec/libggml-cpu-apple_m2_m3.so
build: 8500 (342d6125b) with AppleClang 17.0.0.17000604 for Darwin arm64
common_init_result: fitting params to device memory, for bugs during this step try to reproduce them with -fit off, or provide --verbose logs if the bug only occurs with -fit on
llama_params_fit_impl: projected to use 0 MiB of device memory vs. 28753 MiB of free device memory
llama_params_fit_impl: will leave 28753 >= 1024 MiB of free device memory, no changes needed
llama_params_fit: successfully fit params to free device memory
llama_params_fit: fitting params to free memory took 0.04 seconds
llama_model_load_from_file_impl: using device MTL0 (Apple M3 Pro) (unknown id) - 28753 MiB free
llama_model_loader: loaded meta data with 28 key-value pairs and 195 tensors from models/OLMoE-1B-7B-0125-Instruct-Q4_K_M.gguf (version GGUF V3 (latest))
llama_model_loader: Dumping metadata keys/values. Note: KV overrides do not apply in this output.
llama_model_loader: - kv   0:                       general.architecture str              = olmoe
llama_model_loader: - kv   1:                               general.type str              = model
llama_model_loader: - kv   2:                               general.name str              = Open_Instruct_Dev
llama_model_loader: - kv   3:                       general.organization str              = Allenai
llama_model_loader: - kv   4:                         general.size_label str              = 64x577M
llama_model_loader: - kv   5:                          olmoe.block_count u32              = 16
llama_model_loader: - kv   6:                       olmoe.context_length u32              = 4096
llama_model_loader: - kv   7:                     olmoe.embedding_length u32              = 2048
llama_model_loader: - kv   8:                  olmoe.feed_forward_length u32              = 1024
llama_model_loader: - kv   9:                 olmoe.attention.head_count u32              = 16
llama_model_loader: - kv  10:              olmoe.attention.head_count_kv u32              = 16
llama_model_loader: - kv  11:                       olmoe.rope.freq_base f32              = 10000.000000
llama_model_loader: - kv  12:     olmoe.attention.layer_norm_rms_epsilon f32              = 0.000010
llama_model_loader: - kv  13:                    olmoe.expert_used_count u32              = 8
llama_model_loader: - kv  14:                         olmoe.expert_count u32              = 64
llama_model_loader: - kv  15:                       tokenizer.ggml.model str              = gpt2
llama_model_loader: - kv  16:                         tokenizer.ggml.pre str              = olmo
llama_model_loader: - kv  17:                      tokenizer.ggml.tokens arr[str,50304]   = ["<|endoftext|>", "<|padding|>", "!",...
llama_model_loader: - kv  18:                  tokenizer.ggml.token_type arr[i32,50304]   = [3, 3, 1, 1, 1, 1, 1, 1, 1, 1, 1, 1, ...
llama_model_loader: - kv  19:                      tokenizer.ggml.merges arr[str,50009]   = ["Ġ Ġ", "Ġ t", "Ġ a", "h e", "i n...
llama_model_loader: - kv  20:                tokenizer.ggml.bos_token_id u32              = 50279
llama_model_loader: - kv  21:                tokenizer.ggml.eos_token_id u32              = 50279
llama_model_loader: - kv  22:            tokenizer.ggml.padding_token_id u32              = 50280
llama_model_loader: - kv  23:               tokenizer.ggml.add_bos_token bool             = false
llama_model_loader: - kv  24:               tokenizer.ggml.add_eos_token bool             = false
llama_model_loader: - kv  25:                    tokenizer.chat_template str              = {{ bos_token }}{% for message in mess...
llama_model_loader: - kv  26:               general.quantization_version u32              = 2
llama_model_loader: - kv  27:                          general.file_type u32              = 15
llama_model_loader: - type  f32:   81 tensors
llama_model_loader: - type q4_K:   97 tensors
llama_model_loader: - type q6_K:   17 tensors
print_info: file format = GGUF V3 (latest)
print_info: file type   = Q4_K - Medium
print_info: file size   = 3.92 GiB (4.87 BPW) 
validate_override: Using metadata override (  int) 'olmoe.expert_used_count' = 8
load: 0 unused tokens
load: special_eos_id is not in special_eog_ids - the tokenizer config may be incorrect
load: printing all EOG tokens:
load:   - 0 ('<|endoftext|>')
load:   - 50279 ('|||IP_ADDRESS|||')
load: special tokens cache size = 29
load: token to piece cache size = 0.2985 MB
print_info: arch                  = olmoe
print_info: vocab_only            = 0
print_info: no_alloc              = 0
print_info: n_ctx_train           = 4096
print_info: n_embd                = 2048
print_info: n_embd_inp            = 2048
print_info: n_layer               = 16
print_info: n_head                = 16
print_info: n_head_kv             = 16
print_info: n_rot                 = 128
print_info: n_swa                 = 0
print_info: is_swa_any            = 0
print_info: n_embd_head_k         = 128
print_info: n_embd_head_v         = 128
print_info: n_gqa                 = 1
print_info: n_embd_k_gqa          = 2048
print_info: n_embd_v_gqa          = 2048
print_info: f_norm_eps            = 0.0e+00
print_info: f_norm_rms_eps        = 1.0e-05
print_info: f_clamp_kqv           = 0.0e+00
print_info: f_max_alibi_bias      = 0.0e+00
print_info: f_logit_scale         = 0.0e+00
print_info: f_attn_scale          = 0.0e+00
print_info: n_ff                  = 1024
print_info: n_expert              = 64
print_info: n_expert_used         = 8
print_info: n_expert_groups       = 0
print_info: n_group_used          = 0
print_info: causal attn           = 1
print_info: pooling type          = 0
print_info: rope type             = 2
print_info: rope scaling          = linear
print_info: freq_base_train       = 10000.0
print_info: freq_scale_train      = 1
print_info: n_ctx_orig_yarn       = 4096
print_info: rope_yarn_log_mul     = 0.0000
print_info: rope_finetuned        = unknown
print_info: model type            = A1.7B
print_info: model params          = 6.92 B
print_info: general.name          = Open_Instruct_Dev
print_info: vocab type            = BPE
print_info: n_vocab               = 50304
print_info: n_merges              = 50009
print_info: BOS token             = 50279 '|||IP_ADDRESS|||'
print_info: EOS token             = 50279 '|||IP_ADDRESS|||'
print_info: EOT token             = 0 '<|endoftext|>'
print_info: PAD token             = 50280 '<pad>'
print_info: LF token              = 187 'Ċ'
print_info: EOG token             = 0 '<|endoftext|>'
print_info: EOG token             = 50279 '|||IP_ADDRESS|||'
print_info: max token length      = 1024
load_tensors: loading model tensors, this can take a while... (mmap = true, direct_io = false)
load_tensors: offloading 0 repeating layers to GPU
load_tensors: offloaded 0/17 layers to GPU
load_tensors:   CPU_Mapped model buffer size =  3864.02 MiB
load_tensors:   CPU_REPACK model buffer size =  3952.85 MiB
...................................................
common_init_result: added <|endoftext|> logit bias = -inf
common_init_result: added |||IP_ADDRESS||| logit bias = -inf
llama_context: constructing llama_context
llama_context: n_seq_max     = 4
llama_context: n_ctx         = 2048
llama_context: n_ctx_seq     = 512
llama_context: n_batch       = 2048
llama_context: n_ubatch      = 512
llama_context: causal_attn   = 1
llama_context: flash_attn    = auto
llama_context: kv_unified    = false
llama_context: freq_base     = 10000.0
llama_context: freq_scale    = 1
llama_context: n_ctx_seq (512) < n_ctx_train (4096) -- the full capacity of the model will not be utilized
ggml_metal_init: allocating
ggml_metal_init: found device: Apple M3 Pro
ggml_metal_init: picking default device: Apple M3 Pro
ggml_metal_init: use fusion         = true
ggml_metal_init: use concurrency    = true
ggml_metal_init: use graph optimize = true
llama_context:        CPU  output buffer size =     0.77 MiB
llama_kv_cache:        CPU KV buffer size =   256.00 MiB
llama_kv_cache: size =  256.00 MiB (   512 cells,  16 layers,  4/4 seqs), K (f16):  128.00 MiB, V (f16):  128.00 MiB
sched_reserve: reserving ...
sched_reserve: Flash Attention was auto, set to enabled
sched_reserve: resolving fused Gated Delta Net support:
sched_reserve: fused Gated Delta Net (autoregressive) enabled
sched_reserve: fused Gated Delta Net (chunked) enabled
sched_reserve:        CPU compute buffer size =   106.25 MiB
sched_reserve: graph nodes  = 967
sched_reserve: graph splits = 33 (with bs=512), 1 (with bs=1)
sched_reserve: reserve took 1.36 ms, sched copies = 1
common_init_from_params: warming up the model with an empty run - please wait ... (--no-warmup to disable)

system_info: n_threads = 5 (n_threads_batch = 5) / 11 | MTL : EMBED_LIBRARY = 1 | CPU : NEON = 1 | ARM_FMA = 1 | MATMUL_INT8 = 1 | DOTPROD = 1 | ACCELERATE = 1 | OPENMP = 1 | REPACK = 1 | 
kl_divergence: computing over 24 chunks, n_ctx=512, batch_size=2048, n_seq=4
kl_divergence: 14.41 seconds per pass - ETA 1.43 minutes

chunk             PPL               ln(PPL(Q)/PPL(base))          KL Divergence              Δp RMS            Same top p
   1       9.3267 ±    1.8514      -0.00000 ±        nan       0.00000 ±    0.00000     0.000 ±  0.000 %    100.000 ±  0.000 %
   2      13.3603 ±    2.1085       0.00991 ±    0.00706       0.00000 ±    0.00000     0.000 ±  0.000 %    100.000 ±  0.000 %
   3      10.8424 ±    1.3027       0.00661 ±    0.00471      -0.00000 ±    0.00000     0.001 ±  0.000 %    100.000 ±  0.000 %
   4       8.8534 ±    0.9001       0.00496 ±    0.00353      -0.00000 ±    0.00000     0.000 ±  0.000 %    100.000 ±  0.000 %
   5       7.5075 ±    0.6643       0.00397 ±    0.00282       0.00000 ±    0.00000     0.001 ±  0.000 %    100.000 ±  0.000 %
   6       6.8934 ±    0.5473       0.00331 ±    0.00235       0.00000 ±    0.00000     0.001 ±  0.000 %    100.000 ±  0.000 %
   7       8.0213 ±    0.6036       0.00284 ±    0.00202       0.00000 ±    0.00000     0.001 ±  0.000 %    100.000 ±  0.000 %
   8       8.8888 ±    0.6304       0.00249 ±    0.00177       0.00000 ±    0.00000     0.001 ±  0.000 %    100.000 ±  0.000 %
   9       9.4272 ±    0.6275       0.00221 ±    0.00157       0.00000 ±    0.00000     0.001 ±  0.000 %    100.000 ±  0.000 %
  10      10.2565 ±    0.6636       0.00412 ±    0.00255       0.00000 ±    0.00000     0.001 ±  0.000 %    100.000 ±  0.000 %
  11      10.9558 ±    0.6810       0.00374 ±    0.00232       0.00000 ±    0.00000     0.001 ±  0.000 %    100.000 ±  0.000 %
  12      10.3174 ±    0.6071       0.00343 ±    0.00213       0.00000 ±    0.00000     0.001 ±  0.000 %    100.000 ±  0.000 %
  13       9.8245 ±    0.5540       0.00475 ±    0.00252      -0.00000 ±    0.00000     0.001 ±  0.000 %    100.000 ±  0.000 %
  14       9.2233 ±    0.4940       0.00441 ±    0.00234       0.00000 ±    0.00000     0.001 ±  0.000 %    100.000 ±  0.000 %
  15       9.5958 ±    0.5003       0.00411 ±    0.00218       0.00000 ±    0.00000     0.001 ±  0.000 %    100.000 ±  0.000 %
  16       9.8349 ±    0.5019       0.00389 ±    0.00205      -0.00000 ±    0.00000     0.001 ±  0.000 %    100.000 ±  0.000 %
  17      10.4611 ±    0.5221       0.00503 ±    0.00236      -0.00000 ±    0.00000     0.001 ±  0.000 %    100.000 ±  0.000 %
  18      10.9108 ±    0.5282       0.00475 ±    0.00223       0.00000 ±    0.00000     0.001 ±  0.000 %    100.000 ±  0.000 %
  19      11.1507 ±    0.5273       0.00633 ±    0.00240       0.00000 ±    0.00000     0.001 ±  0.000 %    100.000 ±  0.000 %
  20      11.0566 ±    0.5057       0.00601 ±    0.00228       0.00000 ±    0.00000     0.001 ±  0.000 %    100.000 ±  0.000 %
  21      10.5218 ±    0.4673       0.00572 ±    0.00217       0.00000 ±    0.00000     0.001 ±  0.000 %    100.000 ±  0.000 %
  22      10.1170 ±    0.4360       0.00546 ±    0.00208       0.00000 ±    0.00000     0.001 ±  0.000 %    100.000 ±  0.000 %
  23       9.7908 ±    0.4100       0.00523 ±    0.00199       0.00000 ±    0.00000     0.001 ±  0.000 %    100.000 ±  0.000 %
  24       9.5731 ±    0.3915       0.00501 ±    0.00190      -0.00000 ±    0.00000     0.001 ±  0.000 %    100.000 ±  0.000 %

====== Perplexity statistics ======
Mean PPL(Q)                   :   9.573138 ±   0.391539
Mean PPL(base)                :   9.525310 ±   0.386514
Cor(ln(PPL(Q)), ln(PPL(base))):  99.89%
Mean ln(PPL(Q)/PPL(base))     :   0.005009 ±   0.001903
Mean PPL(Q)/PPL(base)         :   1.005021 ±   0.001913
Mean PPL(Q)-PPL(base)         :   0.047828 ±   0.018603

====== KL divergence statistics ======
Mean    KLD:  -0.000000 ±   0.000000
Maximum KLD:   0.000056
99.9%   KLD:   0.000050
99.0%   KLD:   0.000037
95.0%   KLD:   0.000020
90.0%   KLD:   0.000014
Median  KLD:  -0.000000
10.0%   KLD:  -0.000013
 5.0%   KLD:  -0.000020
 1.0%   KLD:  -0.000036
 0.1%   KLD:  -0.000050
Minimum KLD:  -0.000055

====== Token probability statistics ======
Mean    Δp: -0.000 ± 0.000 %
Maximum Δp:  0.005%
99.9%   Δp:  0.004%
99.0%   Δp:  0.002%
95.0%   Δp:  0.000%
90.0%   Δp:  0.000%
75.0%   Δp:  0.000%
Median  Δp:  0.000%
25.0%   Δp:  0.000%
10.0%   Δp: -0.000%
 5.0%   Δp: -0.000%
 1.0%   Δp: -0.002%
 0.1%   Δp: -0.005%
Minimum Δp: -0.005%
RMS Δp    :  0.001 ± 0.000 %
Same top p: 100.000 ± 0.000 %

llama_perf_context_print:        load time =    2001.05 ms
llama_perf_context_print: prompt eval time =   72163.06 ms / 12288 tokens (    5.87 ms per token,   170.28 tokens per second)
llama_perf_context_print:        eval time =       0.00 ms /     1 runs   (    0.00 ms per token,      inf tokens per second)
llama_perf_context_print:       total time =   87056.74 ms / 12289 tokens
llama_perf_context_print:    graphs reused =         12
llama_memory_breakdown_print: | memory breakdown [MiB]  | total    free    self   model   context   compute    unaccounted |
llama_memory_breakdown_print: |   - MTL0 (Apple M3 Pro) | 28753 = 28753 + (   0 =     0 +       0 +       0) +           0 |
llama_memory_breakdown_print: |   - Host                |                  4226 =  3864 +     256 +     106                |
llama_memory_breakdown_print: |   - CPU_REPACK          |                  3952 =  3952 +       0 +       0                |
ggml_metal_free: deallocating
